--------------------------------------------------------------------------------
Release 14.7 Trace  (lin64)
Copyright (c) 1995-2013 Xilinx, Inc.  All rights reserved.

/opt/Xilinx/14.7/ISE_DS/ISE/bin/lin64/unwrapped/trce -v 5 leon3mp.ncd
leon3mp.pcf

Design file:              leon3mp.ncd
Physical constraint file: leon3mp.pcf
Device,package,speed:     xc6slx16,csg324,C,-2 (PRODUCTION 1.23 2013-10-13)
Report level:             verbose report, limited to 5 items per constraint

Environment Variable      Effect 
--------------------      ------ 
NONE                      No environment variables were set
--------------------------------------------------------------------------------

INFO:Timing:3412 - To improve timing, see the Timing Closure User Guide (UG612).
INFO:Timing:2752 - To get complete path coverage, use the unconstrained paths 
   option. All paths that are not constrained will be reported in the 
   unconstrained paths section(s) of the report.
INFO:Timing:3339 - The clock-to-out numbers in this timing report are based on 
   a 50 Ohm transmission line loading model.  For the details of this model, 
   and for more information on accounting for different loading conditions, 
   please see the device datasheet.

================================================================================
Timing constraint: TS_sys_clk_pin = PERIOD TIMEGRP "sys_clk_pin" 100 MHz HIGH 
50%;
For more information, see Period Analysis in the Timing Closure User Guide (UG612).

 0 paths analyzed, 0 endpoints analyzed, 0 failing endpoints
 0 timing errors detected. (0 component switching limit errors)
 Minimum period is   5.340ns.
--------------------------------------------------------------------------------

Component Switching Limit Checks: TS_sys_clk_pin = PERIOD TIMEGRP "sys_clk_pin" 100 MHz HIGH 50%;
--------------------------------------------------------------------------------
Slack: 2.010ns (period - min period limit)
  Period: 5.000ns
  Min period limit: 2.990ns (334.448MHz) (Tdcmper_CLKOUT)
  Physical resource: clkgen0/xc3s.v/dll0/CLK2X
  Logical resource: clkgen0/xc3s.v/dll0/CLK2X
  Location pin: DCM_X0Y1.CLK2X
  Clock network: clkgen0/xc3s.v/clk_x
--------------------------------------------------------------------------------
Slack: 4.010ns (period - min period limit)
  Period: 10.000ns
  Min period limit: 5.990ns (166.945MHz) (Tdcmper_CLKIN)
  Physical resource: clkgen0/xc3s.v/dll0/CLKIN
  Logical resource: clkgen0/xc3s.v/dll0/CLKIN
  Location pin: DCM_X0Y1.CLKIN
  Clock network: clkgen0/xc3s.v/dll0_ML_NEW_DIVCLK
--------------------------------------------------------------------------------
Slack: 4.660ns (period - (min low pulse limit / (low pulse / period)))
  Period: 10.000ns
  Low pulse: 5.000ns
  Low pulse limit: 2.670ns (Tdcmpw_CLKIN_100_150)
  Physical resource: clkgen0/xc3s.v/dll0/CLKIN
  Logical resource: clkgen0/xc3s.v/dll0/CLKIN
  Location pin: DCM_X0Y1.CLKIN
  Clock network: clkgen0/xc3s.v/dll0_ML_NEW_DIVCLK
--------------------------------------------------------------------------------
Slack: 4.660ns (period - (min high pulse limit / (high pulse / period)))
  Period: 10.000ns
  High pulse: 5.000ns
  High pulse limit: 2.670ns (Tdcmpw_CLKIN_100_150)
  Physical resource: clkgen0/xc3s.v/dll0/CLKIN
  Logical resource: clkgen0/xc3s.v/dll0/CLKIN
  Location pin: DCM_X0Y1.CLKIN
  Clock network: clkgen0/xc3s.v/dll0_ML_NEW_DIVCLK
--------------------------------------------------------------------------------
Slack: 17.000ns (period - min period limit)
  Period: 20.000ns
  Min period limit: 3.000ns (333.333MHz) (Tdcmper_CLKFX)
  Physical resource: clkgen0/xc3s.v/dll0/CLKFX
  Logical resource: clkgen0/xc3s.v/dll0/CLKFX
  Location pin: DCM_X0Y1.CLKFX
  Clock network: clkgen0/xc3s.v/clk0B
--------------------------------------------------------------------------------

================================================================================
Timing constraint: TS_clkgen0_xc3s_v_clk0B = PERIOD TIMEGRP 
"clkgen0_xc3s_v_clk0B" TS_sys_clk_pin         * 0.5 HIGH 50%;
For more information, see Period Analysis in the Timing Closure User Guide (UG612).

 19630546 paths analyzed, 17006 endpoints analyzed, 0 failing endpoints
 0 timing errors detected. (0 setup errors, 0 hold errors, 0 component switching limit errors)
 Minimum period is  19.648ns.
--------------------------------------------------------------------------------
Slack:                  0.352ns (requirement - (data path - clock path skew + uncertainty))
  Source:               leon3gen.cpu[0].u0/leon3x0/vhdl.p0/iu/r_e_op2_0 (FF)
  Destination:          leon3gen.cpu[0].u0/leon3x0/vhdl.p0/mgen.mul0/xm3232.m3232/pipe2.arch0.dwm/Mmult_prod3 (DSP)
  Requirement:          20.000ns
  Data Path Delay:      19.278ns (Levels of Logic = 4)
  Clock Path Skew:      -0.035ns (0.528 - 0.563)
  Source Clock:         clkm rising at 0.000ns
  Destination Clock:    clkm rising at 20.000ns
  Clock Uncertainty:    0.335ns

  Clock Uncertainty:          0.335ns  ((TSJ^2 + TIJ^2)^1/2 + DJ) / 2 + PE
    Total System Jitter (TSJ):  0.070ns
    Total Input Jitter (TIJ):   0.000ns
    Discrete Jitter (DJ):       0.600ns
    Phase Error (PE):           0.000ns

  Maximum Data Path at Slow Process Corner: leon3gen.cpu[0].u0/leon3x0/vhdl.p0/iu/r_e_op2_0 to leon3gen.cpu[0].u0/leon3x0/vhdl.p0/mgen.mul0/xm3232.m3232/pipe2.arch0.dwm/Mmult_prod3
    Location             Delay type         Delay(ns)  Physical Resource
                                                       Logical Resource(s)
    -------------------------------------------------  -------------------
    SLICE_X7Y10.BQ       Tcko                  0.430   leon3gen.cpu[0].u0/leon3x0/vhdl.p0/iu/r_e_op2(2)
                                                       leon3gen.cpu[0].u0/leon3x0/vhdl.p0/iu/r_e_op2_0
    SLICE_X1Y26.C6       net (fanout=4)        1.884   leon3gen.cpu[0].u0/leon3x0/vhdl.p0/iu/r_e_op2(0)
    SLICE_X1Y26.C        Tilo                  0.259   leon3gen.cpu[0].u0/leon3x0/vhdl.p0/muli_op2(0)
                                                       leon3gen.cpu[0].u0/leon3x0/vhdl.p0/iu/Mmux_comb.mul_op2110
    DSP48_X0Y7.B0        net (fanout=1)        1.016   leon3gen.cpu[0].u0/leon3x0/vhdl.p0/muli_op2(0)
    DSP48_X0Y7.P41       Tdspdo_B_P            4.384   leon3gen.cpu[0].u0/leon3x0/vhdl.p0/mgen.mul0/xm3232.m3232/pipe2.arch0.dwm/Mmult_prod
                                                       leon3gen.cpu[0].u0/leon3x0/vhdl.p0/mgen.mul0/xm3232.m3232/pipe2.arch0.dwm/Mmult_prod
    DSP48_X0Y8.C24       net (fanout=1)        1.449   leon3gen.cpu[0].u0/leon3x0/vhdl.p0/mgen.mul0/xm3232.m3232/pipe2.arch0.dwm/Mmult_prod_P41_to_xm3232.m3232/pipe2.arch0.dwm/Mmult_prod1
    DSP48_X0Y8.PCOUT1    Tdspdo_C_PCOUT        3.149   leon3gen.cpu[0].u0/leon3x0/vhdl.p0/mgen.mul0/xm3232.m3232/pipe2.arch0.dwm/Mmult_prod1
                                                       leon3gen.cpu[0].u0/leon3x0/vhdl.p0/mgen.mul0/xm3232.m3232/pipe2.arch0.dwm/Mmult_prod1
    DSP48_X0Y9.PCIN1     net (fanout=1)        0.002   leon3gen.cpu[0].u0/leon3x0/vhdl.p0/mgen.mul0/xm3232.m3232/pipe2.arch0.dwm/Mmult_prod1_PCOUT_to_xm3232.m3232/pipe2.arch0.dwm/Mmult_prod2_PCIN_1
    DSP48_X0Y9.P34       Tdspdo_PCIN_P         2.645   leon3gen.cpu[0].u0/leon3x0/vhdl.p0/mgen.mul0/xm3232.m3232/pipe2.arch0.dwm/Mmult_prod2
                                                       leon3gen.cpu[0].u0/leon3x0/vhdl.p0/mgen.mul0/xm3232.m3232/pipe2.arch0.dwm/Mmult_prod2
    DSP48_X0Y10.C17      net (fanout=1)        1.810   leon3gen.cpu[0].u0/leon3x0/vhdl.p0/mgen.mul0/xm3232.m3232/pipe2.arch0.dwm/Mmult_prod2_P34_to_xm3232.m3232/pipe2.arch0.dwm/Mmult_prod3
    DSP48_X0Y10.CLK      Tdspdck_C_PREG        2.250   leon3gen.cpu[0].u0/leon3x0/vhdl.p0/mgen.mul0/xm3232.m3232/pipe2.arch0.dwm/Mmult_prod3
                                                       leon3gen.cpu[0].u0/leon3x0/vhdl.p0/mgen.mul0/xm3232.m3232/pipe2.arch0.dwm/Mmult_prod3
    -------------------------------------------------  ---------------------------
    Total                                     19.278ns (13.117ns logic, 6.161ns route)
                                                       (68.0% logic, 32.0% route)

--------------------------------------------------------------------------------
Slack:                  0.352ns (requirement - (data path - clock path skew + uncertainty))
  Source:               leon3gen.cpu[0].u0/leon3x0/vhdl.p0/iu/r_e_op2_0 (FF)
  Destination:          leon3gen.cpu[0].u0/leon3x0/vhdl.p0/mgen.mul0/xm3232.m3232/pipe2.arch0.dwm/Mmult_prod3 (DSP)
  Requirement:          20.000ns
  Data Path Delay:      19.278ns (Levels of Logic = 4)
  Clock Path Skew:      -0.035ns (0.528 - 0.563)
  Source Clock:         clkm rising at 0.000ns
  Destination Clock:    clkm rising at 20.000ns
  Clock Uncertainty:    0.335ns

  Clock Uncertainty:          0.335ns  ((TSJ^2 + TIJ^2)^1/2 + DJ) / 2 + PE
    Total System Jitter (TSJ):  0.070ns
    Total Input Jitter (TIJ):   0.000ns
    Discrete Jitter (DJ):       0.600ns
    Phase Error (PE):           0.000ns

  Maximum Data Path at Slow Process Corner: leon3gen.cpu[0].u0/leon3x0/vhdl.p0/iu/r_e_op2_0 to leon3gen.cpu[0].u0/leon3x0/vhdl.p0/mgen.mul0/xm3232.m3232/pipe2.arch0.dwm/Mmult_prod3
    Location             Delay type         Delay(ns)  Physical Resource
                                                       Logical Resource(s)
    -------------------------------------------------  -------------------
    SLICE_X7Y10.BQ       Tcko                  0.430   leon3gen.cpu[0].u0/leon3x0/vhdl.p0/iu/r_e_op2(2)
                                                       leon3gen.cpu[0].u0/leon3x0/vhdl.p0/iu/r_e_op2_0
    SLICE_X1Y26.C6       net (fanout=4)        1.884   leon3gen.cpu[0].u0/leon3x0/vhdl.p0/iu/r_e_op2(0)
    SLICE_X1Y26.C        Tilo                  0.259   leon3gen.cpu[0].u0/leon3x0/vhdl.p0/muli_op2(0)
                                                       leon3gen.cpu[0].u0/leon3x0/vhdl.p0/iu/Mmux_comb.mul_op2110
    DSP48_X0Y7.B0        net (fanout=1)        1.016   leon3gen.cpu[0].u0/leon3x0/vhdl.p0/muli_op2(0)
    DSP48_X0Y7.P41       Tdspdo_B_P            4.384   leon3gen.cpu[0].u0/leon3x0/vhdl.p0/mgen.mul0/xm3232.m3232/pipe2.arch0.dwm/Mmult_prod
                                                       leon3gen.cpu[0].u0/leon3x0/vhdl.p0/mgen.mul0/xm3232.m3232/pipe2.arch0.dwm/Mmult_prod
    DSP48_X0Y8.C24       net (fanout=1)        1.449   leon3gen.cpu[0].u0/leon3x0/vhdl.p0/mgen.mul0/xm3232.m3232/pipe2.arch0.dwm/Mmult_prod_P41_to_xm3232.m3232/pipe2.arch0.dwm/Mmult_prod1
    DSP48_X0Y8.PCOUT10   Tdspdo_C_PCOUT        3.149   leon3gen.cpu[0].u0/leon3x0/vhdl.p0/mgen.mul0/xm3232.m3232/pipe2.arch0.dwm/Mmult_prod1
                                                       leon3gen.cpu[0].u0/leon3x0/vhdl.p0/mgen.mul0/xm3232.m3232/pipe2.arch0.dwm/Mmult_prod1
    DSP48_X0Y9.PCIN10    net (fanout=1)        0.002   leon3gen.cpu[0].u0/leon3x0/vhdl.p0/mgen.mul0/xm3232.m3232/pipe2.arch0.dwm/Mmult_prod1_PCOUT_to_xm3232.m3232/pipe2.arch0.dwm/Mmult_prod2_PCIN_10
    DSP48_X0Y9.P34       Tdspdo_PCIN_P         2.645   leon3gen.cpu[0].u0/leon3x0/vhdl.p0/mgen.mul0/xm3232.m3232/pipe2.arch0.dwm/Mmult_prod2
                                                       leon3gen.cpu[0].u0/leon3x0/vhdl.p0/mgen.mul0/xm3232.m3232/pipe2.arch0.dwm/Mmult_prod2
    DSP48_X0Y10.C17      net (fanout=1)        1.810   leon3gen.cpu[0].u0/leon3x0/vhdl.p0/mgen.mul0/xm3232.m3232/pipe2.arch0.dwm/Mmult_prod2_P34_to_xm3232.m3232/pipe2.arch0.dwm/Mmult_prod3
    DSP48_X0Y10.CLK      Tdspdck_C_PREG        2.250   leon3gen.cpu[0].u0/leon3x0/vhdl.p0/mgen.mul0/xm3232.m3232/pipe2.arch0.dwm/Mmult_prod3
                                                       leon3gen.cpu[0].u0/leon3x0/vhdl.p0/mgen.mul0/xm3232.m3232/pipe2.arch0.dwm/Mmult_prod3
    -------------------------------------------------  ---------------------------
    Total                                     19.278ns (13.117ns logic, 6.161ns route)
                                                       (68.0% logic, 32.0% route)

--------------------------------------------------------------------------------
Slack:                  0.352ns (requirement - (data path - clock path skew + uncertainty))
  Source:               leon3gen.cpu[0].u0/leon3x0/vhdl.p0/iu/r_e_op2_0 (FF)
  Destination:          leon3gen.cpu[0].u0/leon3x0/vhdl.p0/mgen.mul0/xm3232.m3232/pipe2.arch0.dwm/Mmult_prod3 (DSP)
  Requirement:          20.000ns
  Data Path Delay:      19.278ns (Levels of Logic = 4)
  Clock Path Skew:      -0.035ns (0.528 - 0.563)
  Source Clock:         clkm rising at 0.000ns
  Destination Clock:    clkm rising at 20.000ns
  Clock Uncertainty:    0.335ns

  Clock Uncertainty:          0.335ns  ((TSJ^2 + TIJ^2)^1/2 + DJ) / 2 + PE
    Total System Jitter (TSJ):  0.070ns
    Total Input Jitter (TIJ):   0.000ns
    Discrete Jitter (DJ):       0.600ns
    Phase Error (PE):           0.000ns

  Maximum Data Path at Slow Process Corner: leon3gen.cpu[0].u0/leon3x0/vhdl.p0/iu/r_e_op2_0 to leon3gen.cpu[0].u0/leon3x0/vhdl.p0/mgen.mul0/xm3232.m3232/pipe2.arch0.dwm/Mmult_prod3
    Location             Delay type         Delay(ns)  Physical Resource
                                                       Logical Resource(s)
    -------------------------------------------------  -------------------
    SLICE_X7Y10.BQ       Tcko                  0.430   leon3gen.cpu[0].u0/leon3x0/vhdl.p0/iu/r_e_op2(2)
                                                       leon3gen.cpu[0].u0/leon3x0/vhdl.p0/iu/r_e_op2_0
    SLICE_X1Y26.C6       net (fanout=4)        1.884   leon3gen.cpu[0].u0/leon3x0/vhdl.p0/iu/r_e_op2(0)
    SLICE_X1Y26.C        Tilo                  0.259   leon3gen.cpu[0].u0/leon3x0/vhdl.p0/muli_op2(0)
                                                       leon3gen.cpu[0].u0/leon3x0/vhdl.p0/iu/Mmux_comb.mul_op2110
    DSP48_X0Y7.B0        net (fanout=1)        1.016   leon3gen.cpu[0].u0/leon3x0/vhdl.p0/muli_op2(0)
    DSP48_X0Y7.P41       Tdspdo_B_P            4.384   leon3gen.cpu[0].u0/leon3x0/vhdl.p0/mgen.mul0/xm3232.m3232/pipe2.arch0.dwm/Mmult_prod
                                                       leon3gen.cpu[0].u0/leon3x0/vhdl.p0/mgen.mul0/xm3232.m3232/pipe2.arch0.dwm/Mmult_prod
    DSP48_X0Y8.C24       net (fanout=1)        1.449   leon3gen.cpu[0].u0/leon3x0/vhdl.p0/mgen.mul0/xm3232.m3232/pipe2.arch0.dwm/Mmult_prod_P41_to_xm3232.m3232/pipe2.arch0.dwm/Mmult_prod1
    DSP48_X0Y8.PCOUT9    Tdspdo_C_PCOUT        3.149   leon3gen.cpu[0].u0/leon3x0/vhdl.p0/mgen.mul0/xm3232.m3232/pipe2.arch0.dwm/Mmult_prod1
                                                       leon3gen.cpu[0].u0/leon3x0/vhdl.p0/mgen.mul0/xm3232.m3232/pipe2.arch0.dwm/Mmult_prod1
    DSP48_X0Y9.PCIN9     net (fanout=1)        0.002   leon3gen.cpu[0].u0/leon3x0/vhdl.p0/mgen.mul0/xm3232.m3232/pipe2.arch0.dwm/Mmult_prod1_PCOUT_to_xm3232.m3232/pipe2.arch0.dwm/Mmult_prod2_PCIN_9
    DSP48_X0Y9.P34       Tdspdo_PCIN_P         2.645   leon3gen.cpu[0].u0/leon3x0/vhdl.p0/mgen.mul0/xm3232.m3232/pipe2.arch0.dwm/Mmult_prod2
                                                       leon3gen.cpu[0].u0/leon3x0/vhdl.p0/mgen.mul0/xm3232.m3232/pipe2.arch0.dwm/Mmult_prod2
    DSP48_X0Y10.C17      net (fanout=1)        1.810   leon3gen.cpu[0].u0/leon3x0/vhdl.p0/mgen.mul0/xm3232.m3232/pipe2.arch0.dwm/Mmult_prod2_P34_to_xm3232.m3232/pipe2.arch0.dwm/Mmult_prod3
    DSP48_X0Y10.CLK      Tdspdck_C_PREG        2.250   leon3gen.cpu[0].u0/leon3x0/vhdl.p0/mgen.mul0/xm3232.m3232/pipe2.arch0.dwm/Mmult_prod3
                                                       leon3gen.cpu[0].u0/leon3x0/vhdl.p0/mgen.mul0/xm3232.m3232/pipe2.arch0.dwm/Mmult_prod3
    -------------------------------------------------  ---------------------------
    Total                                     19.278ns (13.117ns logic, 6.161ns route)
                                                       (68.0% logic, 32.0% route)

--------------------------------------------------------------------------------
Slack:                  0.352ns (requirement - (data path - clock path skew + uncertainty))
  Source:               leon3gen.cpu[0].u0/leon3x0/vhdl.p0/iu/r_e_op2_0 (FF)
  Destination:          leon3gen.cpu[0].u0/leon3x0/vhdl.p0/mgen.mul0/xm3232.m3232/pipe2.arch0.dwm/Mmult_prod3 (DSP)
  Requirement:          20.000ns
  Data Path Delay:      19.278ns (Levels of Logic = 4)
  Clock Path Skew:      -0.035ns (0.528 - 0.563)
  Source Clock:         clkm rising at 0.000ns
  Destination Clock:    clkm rising at 20.000ns
  Clock Uncertainty:    0.335ns

  Clock Uncertainty:          0.335ns  ((TSJ^2 + TIJ^2)^1/2 + DJ) / 2 + PE
    Total System Jitter (TSJ):  0.070ns
    Total Input Jitter (TIJ):   0.000ns
    Discrete Jitter (DJ):       0.600ns
    Phase Error (PE):           0.000ns

  Maximum Data Path at Slow Process Corner: leon3gen.cpu[0].u0/leon3x0/vhdl.p0/iu/r_e_op2_0 to leon3gen.cpu[0].u0/leon3x0/vhdl.p0/mgen.mul0/xm3232.m3232/pipe2.arch0.dwm/Mmult_prod3
    Location             Delay type         Delay(ns)  Physical Resource
                                                       Logical Resource(s)
    -------------------------------------------------  -------------------
    SLICE_X7Y10.BQ       Tcko                  0.430   leon3gen.cpu[0].u0/leon3x0/vhdl.p0/iu/r_e_op2(2)
                                                       leon3gen.cpu[0].u0/leon3x0/vhdl.p0/iu/r_e_op2_0
    SLICE_X1Y26.C6       net (fanout=4)        1.884   leon3gen.cpu[0].u0/leon3x0/vhdl.p0/iu/r_e_op2(0)
    SLICE_X1Y26.C        Tilo                  0.259   leon3gen.cpu[0].u0/leon3x0/vhdl.p0/muli_op2(0)
                                                       leon3gen.cpu[0].u0/leon3x0/vhdl.p0/iu/Mmux_comb.mul_op2110
    DSP48_X0Y7.B0        net (fanout=1)        1.016   leon3gen.cpu[0].u0/leon3x0/vhdl.p0/muli_op2(0)
    DSP48_X0Y7.P41       Tdspdo_B_P            4.384   leon3gen.cpu[0].u0/leon3x0/vhdl.p0/mgen.mul0/xm3232.m3232/pipe2.arch0.dwm/Mmult_prod
                                                       leon3gen.cpu[0].u0/leon3x0/vhdl.p0/mgen.mul0/xm3232.m3232/pipe2.arch0.dwm/Mmult_prod
    DSP48_X0Y8.C24       net (fanout=1)        1.449   leon3gen.cpu[0].u0/leon3x0/vhdl.p0/mgen.mul0/xm3232.m3232/pipe2.arch0.dwm/Mmult_prod_P41_to_xm3232.m3232/pipe2.arch0.dwm/Mmult_prod1
    DSP48_X0Y8.PCOUT0    Tdspdo_C_PCOUT        3.149   leon3gen.cpu[0].u0/leon3x0/vhdl.p0/mgen.mul0/xm3232.m3232/pipe2.arch0.dwm/Mmult_prod1
                                                       leon3gen.cpu[0].u0/leon3x0/vhdl.p0/mgen.mul0/xm3232.m3232/pipe2.arch0.dwm/Mmult_prod1
    DSP48_X0Y9.PCIN0     net (fanout=1)        0.002   leon3gen.cpu[0].u0/leon3x0/vhdl.p0/mgen.mul0/xm3232.m3232/pipe2.arch0.dwm/Mmult_prod1_PCOUT_to_xm3232.m3232/pipe2.arch0.dwm/Mmult_prod2_PCIN_0
    DSP48_X0Y9.P34       Tdspdo_PCIN_P         2.645   leon3gen.cpu[0].u0/leon3x0/vhdl.p0/mgen.mul0/xm3232.m3232/pipe2.arch0.dwm/Mmult_prod2
                                                       leon3gen.cpu[0].u0/leon3x0/vhdl.p0/mgen.mul0/xm3232.m3232/pipe2.arch0.dwm/Mmult_prod2
    DSP48_X0Y10.C17      net (fanout=1)        1.810   leon3gen.cpu[0].u0/leon3x0/vhdl.p0/mgen.mul0/xm3232.m3232/pipe2.arch0.dwm/Mmult_prod2_P34_to_xm3232.m3232/pipe2.arch0.dwm/Mmult_prod3
    DSP48_X0Y10.CLK      Tdspdck_C_PREG        2.250   leon3gen.cpu[0].u0/leon3x0/vhdl.p0/mgen.mul0/xm3232.m3232/pipe2.arch0.dwm/Mmult_prod3
                                                       leon3gen.cpu[0].u0/leon3x0/vhdl.p0/mgen.mul0/xm3232.m3232/pipe2.arch0.dwm/Mmult_prod3
    -------------------------------------------------  ---------------------------
    Total                                     19.278ns (13.117ns logic, 6.161ns route)
                                                       (68.0% logic, 32.0% route)

--------------------------------------------------------------------------------
Slack:                  0.352ns (requirement - (data path - clock path skew + uncertainty))
  Source:               leon3gen.cpu[0].u0/leon3x0/vhdl.p0/iu/r_e_op2_0 (FF)
  Destination:          leon3gen.cpu[0].u0/leon3x0/vhdl.p0/mgen.mul0/xm3232.m3232/pipe2.arch0.dwm/Mmult_prod3 (DSP)
  Requirement:          20.000ns
  Data Path Delay:      19.278ns (Levels of Logic = 4)
  Clock Path Skew:      -0.035ns (0.528 - 0.563)
  Source Clock:         clkm rising at 0.000ns
  Destination Clock:    clkm rising at 20.000ns
  Clock Uncertainty:    0.335ns

  Clock Uncertainty:          0.335ns  ((TSJ^2 + TIJ^2)^1/2 + DJ) / 2 + PE
    Total System Jitter (TSJ):  0.070ns
    Total Input Jitter (TIJ):   0.000ns
    Discrete Jitter (DJ):       0.600ns
    Phase Error (PE):           0.000ns

  Maximum Data Path at Slow Process Corner: leon3gen.cpu[0].u0/leon3x0/vhdl.p0/iu/r_e_op2_0 to leon3gen.cpu[0].u0/leon3x0/vhdl.p0/mgen.mul0/xm3232.m3232/pipe2.arch0.dwm/Mmult_prod3
    Location             Delay type         Delay(ns)  Physical Resource
                                                       Logical Resource(s)
    -------------------------------------------------  -------------------
    SLICE_X7Y10.BQ       Tcko                  0.430   leon3gen.cpu[0].u0/leon3x0/vhdl.p0/iu/r_e_op2(2)
                                                       leon3gen.cpu[0].u0/leon3x0/vhdl.p0/iu/r_e_op2_0
    SLICE_X1Y26.C6       net (fanout=4)        1.884   leon3gen.cpu[0].u0/leon3x0/vhdl.p0/iu/r_e_op2(0)
    SLICE_X1Y26.C        Tilo                  0.259   leon3gen.cpu[0].u0/leon3x0/vhdl.p0/muli_op2(0)
                                                       leon3gen.cpu[0].u0/leon3x0/vhdl.p0/iu/Mmux_comb.mul_op2110
    DSP48_X0Y7.B0        net (fanout=1)        1.016   leon3gen.cpu[0].u0/leon3x0/vhdl.p0/muli_op2(0)
    DSP48_X0Y7.P41       Tdspdo_B_P            4.384   leon3gen.cpu[0].u0/leon3x0/vhdl.p0/mgen.mul0/xm3232.m3232/pipe2.arch0.dwm/Mmult_prod
                                                       leon3gen.cpu[0].u0/leon3x0/vhdl.p0/mgen.mul0/xm3232.m3232/pipe2.arch0.dwm/Mmult_prod
    DSP48_X0Y8.C24       net (fanout=1)        1.449   leon3gen.cpu[0].u0/leon3x0/vhdl.p0/mgen.mul0/xm3232.m3232/pipe2.arch0.dwm/Mmult_prod_P41_to_xm3232.m3232/pipe2.arch0.dwm/Mmult_prod1
    DSP48_X0Y8.PCOUT11   Tdspdo_C_PCOUT        3.149   leon3gen.cpu[0].u0/leon3x0/vhdl.p0/mgen.mul0/xm3232.m3232/pipe2.arch0.dwm/Mmult_prod1
                                                       leon3gen.cpu[0].u0/leon3x0/vhdl.p0/mgen.mul0/xm3232.m3232/pipe2.arch0.dwm/Mmult_prod1
    DSP48_X0Y9.PCIN11    net (fanout=1)        0.002   leon3gen.cpu[0].u0/leon3x0/vhdl.p0/mgen.mul0/xm3232.m3232/pipe2.arch0.dwm/Mmult_prod1_PCOUT_to_xm3232.m3232/pipe2.arch0.dwm/Mmult_prod2_PCIN_11
    DSP48_X0Y9.P34       Tdspdo_PCIN_P         2.645   leon3gen.cpu[0].u0/leon3x0/vhdl.p0/mgen.mul0/xm3232.m3232/pipe2.arch0.dwm/Mmult_prod2
                                                       leon3gen.cpu[0].u0/leon3x0/vhdl.p0/mgen.mul0/xm3232.m3232/pipe2.arch0.dwm/Mmult_prod2
    DSP48_X0Y10.C17      net (fanout=1)        1.810   leon3gen.cpu[0].u0/leon3x0/vhdl.p0/mgen.mul0/xm3232.m3232/pipe2.arch0.dwm/Mmult_prod2_P34_to_xm3232.m3232/pipe2.arch0.dwm/Mmult_prod3
    DSP48_X0Y10.CLK      Tdspdck_C_PREG        2.250   leon3gen.cpu[0].u0/leon3x0/vhdl.p0/mgen.mul0/xm3232.m3232/pipe2.arch0.dwm/Mmult_prod3
                                                       leon3gen.cpu[0].u0/leon3x0/vhdl.p0/mgen.mul0/xm3232.m3232/pipe2.arch0.dwm/Mmult_prod3
    -------------------------------------------------  ---------------------------
    Total                                     19.278ns (13.117ns logic, 6.161ns route)
                                                       (68.0% logic, 32.0% route)

--------------------------------------------------------------------------------

Component Switching Limit Checks: TS_clkgen0_xc3s_v_clk0B = PERIOD TIMEGRP "clkgen0_xc3s_v_clk0B" TS_sys_clk_pin
        * 0.5 HIGH 50%;
--------------------------------------------------------------------------------
Slack: 16.430ns (period - min period limit)
  Period: 20.000ns
  Min period limit: 3.570ns (280.112MHz) (Trper_CLKA(Fmax))
  Physical resource: leon3gen.dsugen.dsu0/x0/tb0.mem0/mem32[1].ram0/nopar.s64.xc2v.x0/a8.r0/CLKA
  Logical resource: leon3gen.dsugen.dsu0/x0/tb0.mem0/mem32[1].ram0/nopar.s64.xc2v.x0/a8.r0/CLKA
  Location pin: RAMB16_X0Y10.CLKA
  Clock network: clkm
--------------------------------------------------------------------------------
Slack: 16.430ns (period - min period limit)
  Period: 20.000ns
  Min period limit: 3.570ns (280.112MHz) (Trper_CLKB(Fmax))
  Physical resource: leon3gen.dsugen.dsu0/x0/tb0.mem0/mem32[1].ram0/nopar.s64.xc2v.x0/a8.r0/CLKB
  Logical resource: leon3gen.dsugen.dsu0/x0/tb0.mem0/mem32[1].ram0/nopar.s64.xc2v.x0/a8.r0/CLKB
  Location pin: RAMB16_X0Y10.CLKB
  Clock network: clkm
--------------------------------------------------------------------------------
Slack: 16.430ns (period - min period limit)
  Period: 20.000ns
  Min period limit: 3.570ns (280.112MHz) (Trper_CLKA(Fmax))
  Physical resource: leon3gen.cpu[0].u0/leon3x0/vhdl.tbmem_gen.tbmem_1p.tbmem0/mem32[1].ram0/nopar.s64.xc2v.x0/a8.r0/CLKA
  Logical resource: leon3gen.cpu[0].u0/leon3x0/vhdl.tbmem_gen.tbmem_1p.tbmem0/mem32[1].ram0/nopar.s64.xc2v.x0/a8.r0/CLKA
  Location pin: RAMB16_X0Y4.CLKA
  Clock network: clkm
--------------------------------------------------------------------------------
Slack: 16.430ns (period - min period limit)
  Period: 20.000ns
  Min period limit: 3.570ns (280.112MHz) (Trper_CLKB(Fmax))
  Physical resource: leon3gen.cpu[0].u0/leon3x0/vhdl.tbmem_gen.tbmem_1p.tbmem0/mem32[1].ram0/nopar.s64.xc2v.x0/a8.r0/CLKB
  Logical resource: leon3gen.cpu[0].u0/leon3x0/vhdl.tbmem_gen.tbmem_1p.tbmem0/mem32[1].ram0/nopar.s64.xc2v.x0/a8.r0/CLKB
  Location pin: RAMB16_X0Y4.CLKB
  Clock network: clkm
--------------------------------------------------------------------------------
Slack: 16.430ns (period - min period limit)
  Period: 20.000ns
  Min period limit: 3.570ns (280.112MHz) (Trper_CLKA(Fmax))
  Physical resource: ahbtc0_timestamps_comp/Mram_i[9]_GND_327_o_wide_mux_0_OUT1/CLKA
  Logical resource: ahbtc0_timestamps_comp/Mram_i[9]_GND_327_o_wide_mux_0_OUT1/CLKA
  Location pin: RAMB16_X1Y26.CLKA
  Clock network: clkm
--------------------------------------------------------------------------------


Derived Constraint Report
Derived Constraints for TS_sys_clk_pin
+-------------------------------+-------------+-------------+-------------+-------------+-------------+-------------+-------------+
|                               |   Period    |       Actual Period       |      Timing Errors        |      Paths Analyzed       |
|           Constraint          | Requirement |-------------+-------------|-------------+-------------|-------------+-------------|
|                               |             |   Direct    | Derivative  |   Direct    | Derivative  |   Direct    | Derivative  |
+-------------------------------+-------------+-------------+-------------+-------------+-------------+-------------+-------------+
|TS_sys_clk_pin                 |     10.000ns|      5.340ns|      9.824ns|            0|            0|            0|     19630546|
| TS_clkgen0_xc3s_v_clk0B       |     20.000ns|     19.648ns|          N/A|            0|            0|     19630546|            0|
+-------------------------------+-------------+-------------+-------------+-------------+-------------+-------------+-------------+

All constraints were met.


Data Sheet report:
-----------------
All values displayed in nanoseconds (ns)

Clock to Setup on destination clock clk
---------------+---------+---------+---------+---------+
               | Src:Rise| Src:Fall| Src:Rise| Src:Fall|
Source Clock   |Dest:Rise|Dest:Rise|Dest:Fall|Dest:Fall|
---------------+---------+---------+---------+---------+
clk            |   19.648|         |         |         |
---------------+---------+---------+---------+---------+


Timing summary:
---------------

Timing errors: 0  Score: 0  (Setup/Max: 0, Hold: 0)

Constraints cover 19630546 paths, 0 nets, and 43645 connections

Design statistics:
   Minimum period:  19.648ns{1}   (Maximum frequency:  50.896MHz)


------------------------------------Footnotes-----------------------------------
1)  The minimum period statistic assumes all single cycle delays.

Analysis completed Thu Jun 29 20:56:21 2017 
--------------------------------------------------------------------------------

Trace Settings:
-------------------------
Trace Settings 

Peak Memory Usage: 541 MB



